[     516ms] [INFO] %cDownload the React DevTools for a better development experience: https://react.dev/link/react-devtools font-weight:bold @ http://localhost:3000/node_modules/.vite/deps/react-dom_client.js?v=890aec79:17986
[     628ms] [WARNING] ⚠️ React Router Future Flag Warning: React Router will begin wrapping state updates in `React.startTransition` in v7. You can use the `v7_startTransition` future flag to opt-in early. For more information, see https://reactrouter.com/v6/upgrading/future#v7_starttransition. @ http://localhost:3000/node_modules/.vite/deps/react-router-dom.js?v=890aec79:4434
[     628ms] [WARNING] ⚠️ React Router Future Flag Warning: Relative route resolution within Splat routes is changing in v7. You can use the `v7_relativeSplatPath` future flag to opt-in early. For more information, see https://reactrouter.com/v6/upgrading/future#v7_relativesplatpath. @ http://localhost:3000/node_modules/.vite/deps/react-router-dom.js?v=890aec79:4434
[    1348ms] [ERROR] Access to fetch at 'https://api.frankfurter.app/latest?base=USD' from origin 'http://localhost:3000' has been blocked by CORS policy: No 'Access-Control-Allow-Origin' header is present on the requested resource. @ http://localhost:3000/login:0
[    1349ms] [ERROR] Failed to load resource: net::ERR_FAILED @ https://api.frankfurter.app/latest?base=USD:0
[   10914ms] [ERROR] Access to fetch at 'https://api.frankfurter.app/latest?base=USD' from origin 'http://localhost:3000' has been blocked by CORS policy: No 'Access-Control-Allow-Origin' header is present on the requested resource. @ http://localhost:3000/login:0
[   10914ms] [ERROR] Failed to load resource: net::ERR_FAILED @ https://api.frankfurter.app/latest?base=USD:0
[   20911ms] [ERROR] Access to fetch at 'https://api.frankfurter.app/latest?base=USD' from origin 'http://localhost:3000' has been blocked by CORS policy: No 'Access-Control-Allow-Origin' header is present on the requested resource. @ http://localhost:3000/login:0
[   20911ms] [ERROR] Failed to load resource: net::ERR_FAILED @ https://api.frankfurter.app/latest?base=USD:0
[   25652ms] [WARNING] WebSocket connection to 'ws://127.0.0.1:54331/realtime/v1/websocket?apikey=eyJhbGciOiJIUzI1NiIsInR5cCI6IkpXVCJ9.eyJpc3MiOiJzdXBhYmFzZS1kZW1vIiwicm9sZSI6ImFub24iLCJleHAiOjE5ODM4MTI5OTZ9.CRXP1A7WOeoJeXxjNni43kdQwgnWNReilDMblYTn_I0&vsn=2.0.0' failed: WebSocket is closed before the connection is established. @ http://localhost:3000/node_modules/.vite/deps/@supabase_supabase-js.js?v=890aec79:7284
[   30918ms] [ERROR] Access to fetch at 'https://api.frankfurter.app/latest?base=USD' from origin 'http://localhost:3000' has been blocked by CORS policy: No 'Access-Control-Allow-Origin' header is present on the requested resource. @ http://localhost:3000/login:0
[   30918ms] [ERROR] Failed to load resource: net::ERR_FAILED @ https://api.frankfurter.app/latest?base=USD:0
[   40914ms] [ERROR] Access to fetch at 'https://api.frankfurter.app/latest?base=USD' from origin 'http://localhost:3000' has been blocked by CORS policy: No 'Access-Control-Allow-Origin' header is present on the requested resource. @ http://localhost:3000/login:0
[   40914ms] [ERROR] Failed to load resource: net::ERR_FAILED @ https://api.frankfurter.app/latest?base=USD:0
[   50920ms] [ERROR] Access to fetch at 'https://api.frankfurter.app/latest?base=USD' from origin 'http://localhost:3000' has been blocked by CORS policy: No 'Access-Control-Allow-Origin' header is present on the requested resource. @ http://localhost:3000/login:0
[   50920ms] [ERROR] Failed to load resource: net::ERR_FAILED @ https://api.frankfurter.app/latest?base=USD:0
[   60375ms] [INFO] %cDownload the React DevTools for a better development experience: https://react.dev/link/react-devtools font-weight:bold @ http://localhost:3000/node_modules/.vite/deps/react-dom_client.js?v=890aec79:17986
[   60599ms] [WARNING] ⚠️ React Router Future Flag Warning: React Router will begin wrapping state updates in `React.startTransition` in v7. You can use the `v7_startTransition` future flag to opt-in early. For more information, see https://reactrouter.com/v6/upgrading/future#v7_starttransition. @ http://localhost:3000/node_modules/.vite/deps/react-router-dom.js?v=890aec79:4434
[   60599ms] [WARNING] ⚠️ React Router Future Flag Warning: Relative route resolution within Splat routes is changing in v7. You can use the `v7_relativeSplatPath` future flag to opt-in early. For more information, see https://reactrouter.com/v6/upgrading/future#v7_relativesplatpath. @ http://localhost:3000/node_modules/.vite/deps/react-router-dom.js?v=890aec79:4434
[   60611ms] [ERROR] Access to fetch at 'https://api.frankfurter.app/latest?base=USD' from origin 'http://localhost:3000' has been blocked by CORS policy: No 'Access-Control-Allow-Origin' header is present on the requested resource. @ http://localhost:3000/login:0
[   60611ms] [ERROR] Failed to load resource: net::ERR_FAILED @ https://api.frankfurter.app/latest?base=USD:0
[   60611ms] [ERROR] Access to fetch at 'https://api.frankfurter.app/latest?base=USD' from origin 'http://localhost:3000' has been blocked by CORS policy: No 'Access-Control-Allow-Origin' header is present on the requested resource. @ http://localhost:3000/login:0
[   60611ms] [ERROR] Failed to load resource: net::ERR_FAILED @ https://api.frankfurter.app/latest?base=USD:0
[   63544ms] [WARNING] WebSocket connection to 'ws://127.0.0.1:54331/realtime/v1/websocket?apikey=eyJhbGciOiJIUzI1NiIsInR5cCI6IkpXVCJ9.eyJpc3MiOiJzdXBhYmFzZS1kZW1vIiwicm9sZSI6ImFub24iLCJleHAiOjE5ODM4MTI5OTZ9.CRXP1A7WOeoJeXxjNni43kdQwgnWNReilDMblYTn_I0&vsn=2.0.0' failed: WebSocket is closed before the connection is established. @ http://localhost:3000/node_modules/.vite/deps/@supabase_supabase-js.js?v=890aec79:7284
[   70609ms] [ERROR] Access to fetch at 'https://api.frankfurter.app/latest?base=USD' from origin 'http://localhost:3000' has been blocked by CORS policy: No 'Access-Control-Allow-Origin' header is present on the requested resource. @ http://localhost:3000/login:0
[   70609ms] [ERROR] Failed to load resource: net::ERR_FAILED @ https://api.frankfurter.app/latest?base=USD:0
[   80606ms] [ERROR] Access to fetch at 'https://api.frankfurter.app/latest?base=USD' from origin 'http://localhost:3000' has been blocked by CORS policy: No 'Access-Control-Allow-Origin' header is present on the requested resource. @ http://localhost:3000/login:0
[   80607ms] [ERROR] Failed to load resource: net::ERR_FAILED @ https://api.frankfurter.app/latest?base=USD:0
[   90610ms] [ERROR] Access to fetch at 'https://api.frankfurter.app/latest?base=USD' from origin 'http://localhost:3000' has been blocked by CORS policy: No 'Access-Control-Allow-Origin' header is present on the requested resource. @ http://localhost:3000/login:0
[   90610ms] [ERROR] Failed to load resource: net::ERR_FAILED @ https://api.frankfurter.app/latest?base=USD:0
[  100607ms] [ERROR] Access to fetch at 'https://api.frankfurter.app/latest?base=USD' from origin 'http://localhost:3000' has been blocked by CORS policy: No 'Access-Control-Allow-Origin' header is present on the requested resource. @ http://localhost:3000/login:0
[  100607ms] [ERROR] Failed to load resource: net::ERR_FAILED @ https://api.frankfurter.app/latest?base=USD:0
[  110616ms] [ERROR] Access to fetch at 'https://api.frankfurter.app/latest?base=USD' from origin 'http://localhost:3000' has been blocked by CORS policy: No 'Access-Control-Allow-Origin' header is present on the requested resource. @ http://localhost:3000/login:0
[  110616ms] [ERROR] Failed to load resource: net::ERR_FAILED @ https://api.frankfurter.app/latest?base=USD:0
[  120609ms] [ERROR] Access to fetch at 'https://api.frankfurter.app/latest?base=USD' from origin 'http://localhost:3000' has been blocked by CORS policy: No 'Access-Control-Allow-Origin' header is present on the requested resource. @ http://localhost:3000/login:0
[  120609ms] [ERROR] Failed to load resource: net::ERR_FAILED @ https://api.frankfurter.app/latest?base=USD:0
[  130619ms] [ERROR] Access to fetch at 'https://api.frankfurter.app/latest?base=USD' from origin 'http://localhost:3000' has been blocked by CORS policy: No 'Access-Control-Allow-Origin' header is present on the requested resource. @ http://localhost:3000/login:0
[  130619ms] [ERROR] Failed to load resource: net::ERR_FAILED @ https://api.frankfurter.app/latest?base=USD:0
[  140615ms] [ERROR] Access to fetch at 'https://api.frankfurter.app/latest?base=USD' from origin 'http://localhost:3000' has been blocked by CORS policy: No 'Access-Control-Allow-Origin' header is present on the requested resource. @ http://localhost:3000/login:0
[  140615ms] [ERROR] Failed to load resource: net::ERR_FAILED @ https://api.frankfurter.app/latest?base=USD:0
[  150606ms] [ERROR] Access to fetch at 'https://api.frankfurter.app/latest?base=USD' from origin 'http://localhost:3000' has been blocked by CORS policy: No 'Access-Control-Allow-Origin' header is present on the requested resource. @ http://localhost:3000/login:0
[  150606ms] [ERROR] Failed to load resource: net::ERR_FAILED @ https://api.frankfurter.app/latest?base=USD:0
[  160616ms] [ERROR] Access to fetch at 'https://api.frankfurter.app/latest?base=USD' from origin 'http://localhost:3000' has been blocked by CORS policy: No 'Access-Control-Allow-Origin' header is present on the requested resource. @ http://localhost:3000/login:0
[  160616ms] [ERROR] Failed to load resource: net::ERR_FAILED @ https://api.frankfurter.app/latest?base=USD:0
[  170611ms] [ERROR] Access to fetch at 'https://api.frankfurter.app/latest?base=USD' from origin 'http://localhost:3000' has been blocked by CORS policy: No 'Access-Control-Allow-Origin' header is present on the requested resource. @ http://localhost:3000/login:0
[  170611ms] [ERROR] Failed to load resource: net::ERR_FAILED @ https://api.frankfurter.app/latest?base=USD:0
[  177768ms] [INFO] %cDownload the React DevTools for a better development experience: https://react.dev/link/react-devtools font-weight:bold @ http://localhost:3000/node_modules/.vite/deps/react-dom_client.js?v=890aec79:17986
[  177940ms] [WARNING] ⚠️ React Router Future Flag Warning: React Router will begin wrapping state updates in `React.startTransition` in v7. You can use the `v7_startTransition` future flag to opt-in early. For more information, see https://reactrouter.com/v6/upgrading/future#v7_starttransition. @ http://localhost:3000/node_modules/.vite/deps/react-router-dom.js?v=890aec79:4434
[  177940ms] [WARNING] ⚠️ React Router Future Flag Warning: Relative route resolution within Splat routes is changing in v7. You can use the `v7_relativeSplatPath` future flag to opt-in early. For more information, see https://reactrouter.com/v6/upgrading/future#v7_relativesplatpath. @ http://localhost:3000/node_modules/.vite/deps/react-router-dom.js?v=890aec79:4434
[  178010ms] [ERROR] Access to fetch at 'https://api.frankfurter.app/latest?base=USD' from origin 'http://localhost:3000' has been blocked by CORS policy: No 'Access-Control-Allow-Origin' header is present on the requested resource. @ http://localhost:3000/login:0
[  178010ms] [ERROR] Failed to load resource: net::ERR_FAILED @ https://api.frankfurter.app/latest?base=USD:0
[  178010ms] [ERROR] Access to fetch at 'https://api.frankfurter.app/latest?base=USD' from origin 'http://localhost:3000' has been blocked by CORS policy: No 'Access-Control-Allow-Origin' header is present on the requested resource. @ http://localhost:3000/login:0
[  178010ms] [ERROR] Failed to load resource: net::ERR_FAILED @ https://api.frankfurter.app/latest?base=USD:0
[  180544ms] [INFO] %cDownload the React DevTools for a better development experience: https://react.dev/link/react-devtools font-weight:bold @ http://localhost:3000/node_modules/.vite/deps/react-dom_client.js?v=890aec79:17986
[  180764ms] [WARNING] ⚠️ React Router Future Flag Warning: React Router will begin wrapping state updates in `React.startTransition` in v7. You can use the `v7_startTransition` future flag to opt-in early. For more information, see https://reactrouter.com/v6/upgrading/future#v7_starttransition. @ http://localhost:3000/node_modules/.vite/deps/react-router-dom.js?v=890aec79:4434
[  180764ms] [WARNING] ⚠️ React Router Future Flag Warning: Relative route resolution within Splat routes is changing in v7. You can use the `v7_relativeSplatPath` future flag to opt-in early. For more information, see https://reactrouter.com/v6/upgrading/future#v7_relativesplatpath. @ http://localhost:3000/node_modules/.vite/deps/react-router-dom.js?v=890aec79:4434
[  180775ms] [ERROR] Access to fetch at 'https://api.frankfurter.app/latest?base=USD' from origin 'http://localhost:3000' has been blocked by CORS policy: No 'Access-Control-Allow-Origin' header is present on the requested resource. @ http://localhost:3000/login:0
[  180775ms] [ERROR] Failed to load resource: net::ERR_FAILED @ https://api.frankfurter.app/latest?base=USD:0
[  180775ms] [ERROR] Access to fetch at 'https://api.frankfurter.app/latest?base=USD' from origin 'http://localhost:3000' has been blocked by CORS policy: No 'Access-Control-Allow-Origin' header is present on the requested resource. @ http://localhost:3000/login:0
[  180775ms] [ERROR] Failed to load resource: net::ERR_FAILED @ https://api.frankfurter.app/latest?base=USD:0
[  190780ms] [ERROR] Access to fetch at 'https://api.frankfurter.app/latest?base=USD' from origin 'http://localhost:3000' has been blocked by CORS policy: No 'Access-Control-Allow-Origin' header is present on the requested resource. @ http://localhost:3000/login:0
[  190780ms] [ERROR] Failed to load resource: net::ERR_FAILED @ https://api.frankfurter.app/latest?base=USD:0
[  200775ms] [ERROR] Access to fetch at 'https://api.frankfurter.app/latest?base=USD' from origin 'http://localhost:3000' has been blocked by CORS policy: No 'Access-Control-Allow-Origin' header is present on the requested resource. @ http://localhost:3000/login:0
[  200775ms] [ERROR] Failed to load resource: net::ERR_FAILED @ https://api.frankfurter.app/latest?base=USD:0
[  210784ms] [ERROR] Access to fetch at 'https://api.frankfurter.app/latest?base=USD' from origin 'http://localhost:3000' has been blocked by CORS policy: No 'Access-Control-Allow-Origin' header is present on the requested resource. @ http://localhost:3000/login:0
[  210785ms] [ERROR] Failed to load resource: net::ERR_FAILED @ https://api.frankfurter.app/latest?base=USD:0
[  220777ms] [ERROR] Access to fetch at 'https://api.frankfurter.app/latest?base=USD' from origin 'http://localhost:3000' has been blocked by CORS policy: No 'Access-Control-Allow-Origin' header is present on the requested resource. @ http://localhost:3000/login:0
[  220777ms] [ERROR] Failed to load resource: net::ERR_FAILED @ https://api.frankfurter.app/latest?base=USD:0
[  230771ms] [ERROR] Access to fetch at 'https://api.frankfurter.app/latest?base=USD' from origin 'http://localhost:3000' has been blocked by CORS policy: No 'Access-Control-Allow-Origin' header is present on the requested resource. @ http://localhost:3000/login:0
[  230771ms] [ERROR] Failed to load resource: net::ERR_FAILED @ https://api.frankfurter.app/latest?base=USD:0
[  240770ms] [ERROR] Access to fetch at 'https://api.frankfurter.app/latest?base=USD' from origin 'http://localhost:3000' has been blocked by CORS policy: No 'Access-Control-Allow-Origin' header is present on the requested resource. @ http://localhost:3000/login:0
[  240770ms] [ERROR] Failed to load resource: net::ERR_FAILED @ https://api.frankfurter.app/latest?base=USD:0
[  250773ms] [ERROR] Access to fetch at 'https://api.frankfurter.app/latest?base=USD' from origin 'http://localhost:3000' has been blocked by CORS policy: No 'Access-Control-Allow-Origin' header is present on the requested resource. @ http://localhost:3000/login:0
[  250773ms] [ERROR] Failed to load resource: net::ERR_FAILED @ https://api.frankfurter.app/latest?base=USD:0
[  257542ms] [INFO] %cDownload the React DevTools for a better development experience: https://react.dev/link/react-devtools font-weight:bold @ http://localhost:3000/node_modules/.vite/deps/react-dom_client.js?v=890aec79:17986
[  257735ms] [WARNING] ⚠️ React Router Future Flag Warning: React Router will begin wrapping state updates in `React.startTransition` in v7. You can use the `v7_startTransition` future flag to opt-in early. For more information, see https://reactrouter.com/v6/upgrading/future#v7_starttransition. @ http://localhost:3000/node_modules/.vite/deps/react-router-dom.js?v=890aec79:4434
[  257736ms] [WARNING] ⚠️ React Router Future Flag Warning: Relative route resolution within Splat routes is changing in v7. You can use the `v7_relativeSplatPath` future flag to opt-in early. For more information, see https://reactrouter.com/v6/upgrading/future#v7_relativesplatpath. @ http://localhost:3000/node_modules/.vite/deps/react-router-dom.js?v=890aec79:4434
[  257751ms] [ERROR] Access to fetch at 'https://api.frankfurter.app/latest?base=USD' from origin 'http://localhost:3000' has been blocked by CORS policy: No 'Access-Control-Allow-Origin' header is present on the requested resource. @ http://localhost:3000/login:0
[  257751ms] [ERROR] Failed to load resource: net::ERR_FAILED @ https://api.frankfurter.app/latest?base=USD:0
[  257751ms] [ERROR] Access to fetch at 'https://api.frankfurter.app/latest?base=USD' from origin 'http://localhost:3000' has been blocked by CORS policy: No 'Access-Control-Allow-Origin' header is present on the requested resource. @ http://localhost:3000/login:0
[  257751ms] [ERROR] Failed to load resource: net::ERR_FAILED @ https://api.frankfurter.app/latest?base=USD:0
